Analysis & Synthesis report for black_wrapper
Thu Aug 12 21:20:20 2021
Quartus II 64-Bit Version 14.1.0 Build 186 12/03/2014 SJ Web Edition


---------------------
; Table of Contents ;
---------------------
  1. Legal Notice
  2. Analysis & Synthesis Summary
  3. Analysis & Synthesis Settings
  4. Parallel Compilation
  5. Analysis & Synthesis Source Files Read
  6. Analysis & Synthesis Resource Usage Summary
  7. Analysis & Synthesis Resource Utilization by Entity
  8. State Machine - |black_wrapper|black:b|nextstate
  9. State Machine - |black_wrapper|black:b|state
 10. Registers Removed During Synthesis
 11. Removed Registers Triggering Further Register Optimizations
 12. General Register Statistics
 13. Multiplexer Restructuring Statistics (Restructuring Performed)
 14. Port Connectivity Checks: "black:b|sevenseg:displaybt"
 15. Port Connectivity Checks: "black:b"
 16. Post-Synthesis Netlist Statistics for Top Partition
 17. Elapsed Time Per Partition
 18. Analysis & Synthesis Messages



----------------
; Legal Notice ;
----------------
Copyright (C) 1991-2014 Altera Corporation. All rights reserved.
Your use of Altera Corporation's design tools, logic functions 
and other software and tools, and its AMPP partner logic 
functions, and any output files from any of the foregoing 
(including device programming or simulation files), and any 
associated documentation or information are expressly subject 
to the terms and conditions of the Altera Program License 
Subscription Agreement, the Altera Quartus II License Agreement,
the Altera MegaCore Function License Agreement, or other 
applicable license agreement, including, without limitation, 
that your use is for the sole purpose of programming logic 
devices manufactured by Altera and sold by Altera or its 
authorized distributors.  Please refer to the applicable 
agreement for further details.



+---------------------------------------------------------------------------------+
; Analysis & Synthesis Summary                                                    ;
+------------------------------------+--------------------------------------------+
; Analysis & Synthesis Status        ; Successful - Thu Aug 12 21:20:20 2021      ;
; Quartus II 64-Bit Version          ; 14.1.0 Build 186 12/03/2014 SJ Web Edition ;
; Revision Name                      ; black_wrapper                              ;
; Top-level Entity Name              ; black_wrapper                              ;
; Family                             ; Cyclone IV E                               ;
; Total logic elements               ; 29                                         ;
;     Total combinational functions  ; 24                                         ;
;     Dedicated logic registers      ; 18                                         ;
; Total registers                    ; 18                                         ;
; Total pins                         ; 12                                         ;
; Total virtual pins                 ; 0                                          ;
; Total memory bits                  ; 0                                          ;
; Embedded Multiplier 9-bit elements ; 0                                          ;
; Total PLLs                         ; 0                                          ;
+------------------------------------+--------------------------------------------+


+----------------------------------------------------------------------------------------------------------------------+
; Analysis & Synthesis Settings                                                                                        ;
+----------------------------------------------------------------------------+--------------------+--------------------+
; Option                                                                     ; Setting            ; Default Value      ;
+----------------------------------------------------------------------------+--------------------+--------------------+
; Device                                                                     ; EP4CE115F29C7      ;                    ;
; Top-level entity name                                                      ; black_wrapper      ; black_wrapper      ;
; Family name                                                                ; Cyclone IV E       ; Cyclone IV GX      ;
; Use smart compilation                                                      ; Off                ; Off                ;
; Enable parallel Assembler and TimeQuest Timing Analyzer during compilation ; On                 ; On                 ;
; Enable compact report table                                                ; Off                ; Off                ;
; Restructure Multiplexers                                                   ; Auto               ; Auto               ;
; Create Debugging Nodes for IP Cores                                        ; Off                ; Off                ;
; Preserve fewer node names                                                  ; On                 ; On                 ;
; Disable OpenCore Plus hardware evaluation                                  ; Off                ; Off                ;
; Verilog Version                                                            ; Verilog_2001       ; Verilog_2001       ;
; VHDL Version                                                               ; VHDL_1993          ; VHDL_1993          ;
; State Machine Processing                                                   ; Auto               ; Auto               ;
; Safe State Machine                                                         ; Off                ; Off                ;
; Extract Verilog State Machines                                             ; On                 ; On                 ;
; Extract VHDL State Machines                                                ; On                 ; On                 ;
; Ignore Verilog initial constructs                                          ; Off                ; Off                ;
; Iteration limit for constant Verilog loops                                 ; 5000               ; 5000               ;
; Iteration limit for non-constant Verilog loops                             ; 250                ; 250                ;
; Add Pass-Through Logic to Inferred RAMs                                    ; On                 ; On                 ;
; Infer RAMs from Raw Logic                                                  ; On                 ; On                 ;
; Parallel Synthesis                                                         ; On                 ; On                 ;
; DSP Block Balancing                                                        ; Auto               ; Auto               ;
; NOT Gate Push-Back                                                         ; On                 ; On                 ;
; Power-Up Don't Care                                                        ; On                 ; On                 ;
; Remove Redundant Logic Cells                                               ; Off                ; Off                ;
; Remove Duplicate Registers                                                 ; On                 ; On                 ;
; Ignore CARRY Buffers                                                       ; Off                ; Off                ;
; Ignore CASCADE Buffers                                                     ; Off                ; Off                ;
; Ignore GLOBAL Buffers                                                      ; Off                ; Off                ;
; Ignore ROW GLOBAL Buffers                                                  ; Off                ; Off                ;
; Ignore LCELL Buffers                                                       ; Off                ; Off                ;
; Ignore SOFT Buffers                                                        ; On                 ; On                 ;
; Limit AHDL Integers to 32 Bits                                             ; Off                ; Off                ;
; Optimization Technique                                                     ; Balanced           ; Balanced           ;
; Carry Chain Length                                                         ; 70                 ; 70                 ;
; Auto Carry Chains                                                          ; On                 ; On                 ;
; Auto Open-Drain Pins                                                       ; On                 ; On                 ;
; Perform WYSIWYG Primitive Resynthesis                                      ; Off                ; Off                ;
; Auto ROM Replacement                                                       ; On                 ; On                 ;
; Auto RAM Replacement                                                       ; On                 ; On                 ;
; Auto DSP Block Replacement                                                 ; On                 ; On                 ;
; Auto Shift Register Replacement                                            ; Auto               ; Auto               ;
; Allow Shift Register Merging across Hierarchies                            ; Auto               ; Auto               ;
; Auto Clock Enable Replacement                                              ; On                 ; On                 ;
; Strict RAM Replacement                                                     ; Off                ; Off                ;
; Allow Synchronous Control Signals                                          ; On                 ; On                 ;
; Force Use of Synchronous Clear Signals                                     ; Off                ; Off                ;
; Auto RAM Block Balancing                                                   ; On                 ; On                 ;
; Auto RAM to Logic Cell Conversion                                          ; Off                ; Off                ;
; Auto Resource Sharing                                                      ; Off                ; Off                ;
; Allow Any RAM Size For Recognition                                         ; Off                ; Off                ;
; Allow Any ROM Size For Recognition                                         ; Off                ; Off                ;
; Allow Any Shift Register Size For Recognition                              ; Off                ; Off                ;
; Use LogicLock Constraints during Resource Balancing                        ; On                 ; On                 ;
; Ignore translate_off and synthesis_off directives                          ; Off                ; Off                ;
; Timing-Driven Synthesis                                                    ; On                 ; On                 ;
; Report Parameter Settings                                                  ; On                 ; On                 ;
; Report Source Assignments                                                  ; On                 ; On                 ;
; Report Connectivity Checks                                                 ; On                 ; On                 ;
; Ignore Maximum Fan-Out Assignments                                         ; Off                ; Off                ;
; Synchronization Register Chain Length                                      ; 2                  ; 2                  ;
; PowerPlay Power Optimization During Synthesis                              ; Normal compilation ; Normal compilation ;
; HDL message level                                                          ; Level2             ; Level2             ;
; Suppress Register Optimization Related Messages                            ; Off                ; Off                ;
; Number of Removed Registers Reported in Synthesis Report                   ; 5000               ; 5000               ;
; Number of Swept Nodes Reported in Synthesis Report                         ; 5000               ; 5000               ;
; Number of Inverted Registers Reported in Synthesis Report                  ; 100                ; 100                ;
; Clock MUX Protection                                                       ; On                 ; On                 ;
; Auto Gated Clock Conversion                                                ; Off                ; Off                ;
; Block Design Naming                                                        ; Auto               ; Auto               ;
; SDC constraint protection                                                  ; Off                ; Off                ;
; Synthesis Effort                                                           ; Auto               ; Auto               ;
; Shift Register Replacement - Allow Asynchronous Clear Signal               ; On                 ; On                 ;
; Pre-Mapping Resynthesis Optimization                                       ; Off                ; Off                ;
; Analysis & Synthesis Message Level                                         ; Medium             ; Medium             ;
; Disable Register Merging Across Hierarchies                                ; Auto               ; Auto               ;
; Resource Aware Inference For Block RAM                                     ; On                 ; On                 ;
; Synthesis Seed                                                             ; 1                  ; 1                  ;
+----------------------------------------------------------------------------+--------------------+--------------------+


+------------------------------------------+
; Parallel Compilation                     ;
+----------------------------+-------------+
; Processors                 ; Number      ;
+----------------------------+-------------+
; Number detected on machine ; 8           ;
; Maximum allowed            ; 4           ;
;                            ;             ;
; Average used               ; 1.00        ;
; Maximum used               ; 1           ;
;                            ;             ;
; Usage by Processor         ; % Time Used ;
;     Processor 1            ; 100.0%      ;
;     Processors 2-8         ;   0.0%      ;
+----------------------------+-------------+


+--------------------------------------------------------------------------------------------------------------------------------------------------------------------------------+
; Analysis & Synthesis Source Files Read                                                                                                                                         ;
+----------------------------------+-----------------+------------------------------+----------------------------------------------------------------------------------+---------+
; File Name with User-Entered Path ; Used in Netlist ; File Type                    ; File Name with Absolute Path                                                     ; Library ;
+----------------------------------+-----------------+------------------------------+----------------------------------------------------------------------------------+---------+
; black_wrapper.sv                 ; yes             ; User SystemVerilog HDL File  ; C:/Users/Nolas/OneDrive/Desktop/UNLV/summer 2021/cpe 200L/Final/black_wrapper.sv ;         ;
; black.sv                         ; yes             ; User SystemVerilog HDL File  ; C:/Users/Nolas/OneDrive/Desktop/UNLV/summer 2021/cpe 200L/Final/black.sv         ;         ;
+----------------------------------+-----------------+------------------------------+----------------------------------------------------------------------------------+---------+


+-----------------------------------------------------------+
; Analysis & Synthesis Resource Usage Summary               ;
+---------------------------------------------+-------------+
; Resource                                    ; Usage       ;
+---------------------------------------------+-------------+
; Estimated Total logic elements              ; 29          ;
;                                             ;             ;
; Total combinational functions               ; 24          ;
; Logic element usage by number of LUT inputs ;             ;
;     -- 4 input functions                    ; 12          ;
;     -- 3 input functions                    ; 9           ;
;     -- <=2 input functions                  ; 3           ;
;                                             ;             ;
; Logic elements by mode                      ;             ;
;     -- normal mode                          ; 24          ;
;     -- arithmetic mode                      ; 0           ;
;                                             ;             ;
; Total registers                             ; 18          ;
;     -- Dedicated logic registers            ; 18          ;
;     -- I/O registers                        ; 0           ;
;                                             ;             ;
; I/O pins                                    ; 12          ;
;                                             ;             ;
; Embedded Multiplier 9-bit elements          ; 0           ;
;                                             ;             ;
; Maximum fan-out node                        ; SW[0]~input ;
; Maximum fan-out                             ; 18          ;
; Total fan-out                               ; 139         ;
; Average fan-out                             ; 2.11        ;
+---------------------------------------------+-------------+


+---------------------------------------------------------------------------------------------------------------------------------------------------------------------------------------------+
; Analysis & Synthesis Resource Utilization by Entity                                                                                                                                         ;
+----------------------------+-------------------+--------------+-------------+--------------+---------+-----------+------+--------------+-------------------------------------+--------------+
; Compilation Hierarchy Node ; LC Combinationals ; LC Registers ; Memory Bits ; DSP Elements ; DSP 9x9 ; DSP 18x18 ; Pins ; Virtual Pins ; Full Hierarchy Name                 ; Library Name ;
+----------------------------+-------------------+--------------+-------------+--------------+---------+-----------+------+--------------+-------------------------------------+--------------+
; |black_wrapper             ; 24 (0)            ; 18 (0)       ; 0           ; 0            ; 0       ; 0         ; 12   ; 0            ; |black_wrapper                      ; work         ;
;    |black:b|               ; 24 (15)           ; 18 (12)      ; 0           ; 0            ; 0       ; 0         ; 0    ; 0            ; |black_wrapper|black:b              ; work         ;
;       |RNG:gendlcd1|       ; 8 (8)             ; 5 (5)        ; 0           ; 0            ; 0       ; 0         ; 0    ; 0            ; |black_wrapper|black:b|RNG:gendlcd1 ; work         ;
;       |RNG:genplcd1|       ; 1 (1)             ; 1 (1)        ; 0           ; 0            ; 0       ; 0         ; 0    ; 0            ; |black_wrapper|black:b|RNG:genplcd1 ; work         ;
+----------------------------+-------------------+--------------+-------------+--------------+---------+-----------+------+--------------+-------------------------------------+--------------+
Note: For table entries with two numbers listed, the numbers in parentheses indicate the number of resources of the given type used by the specific entity alone. The numbers listed outside of parentheses indicate the total resources of the given type used by the specific entity and all of its sub-entities in the hierarchy.


Encoding Type:  One-Hot
+--------------------------------------------------------------------------------------------------------+
; State Machine - |black_wrapper|black:b|nextstate                                                       ;
+--------------+--------------+--------------+--------------+--------------+--------------+--------------+
; Name         ; nextstate.S5 ; nextstate.S4 ; nextstate.S3 ; nextstate.S2 ; nextstate.S1 ; nextstate.S0 ;
+--------------+--------------+--------------+--------------+--------------+--------------+--------------+
; nextstate.S0 ; 0            ; 0            ; 0            ; 0            ; 0            ; 0            ;
; nextstate.S1 ; 0            ; 0            ; 0            ; 0            ; 1            ; 1            ;
; nextstate.S2 ; 0            ; 0            ; 0            ; 1            ; 0            ; 1            ;
; nextstate.S3 ; 0            ; 0            ; 1            ; 0            ; 0            ; 1            ;
; nextstate.S4 ; 0            ; 1            ; 0            ; 0            ; 0            ; 1            ;
; nextstate.S5 ; 1            ; 0            ; 0            ; 0            ; 0            ; 1            ;
+--------------+--------------+--------------+--------------+--------------+--------------+--------------+


Encoding Type:  One-Hot
+----------------------------------------------------------------------------+
; State Machine - |black_wrapper|black:b|state                               ;
+----------+----------+----------+----------+----------+----------+----------+
; Name     ; state.S5 ; state.S4 ; state.S3 ; state.S2 ; state.S1 ; state.S0 ;
+----------+----------+----------+----------+----------+----------+----------+
; state.S0 ; 0        ; 0        ; 0        ; 0        ; 0        ; 0        ;
; state.S1 ; 0        ; 0        ; 0        ; 0        ; 1        ; 1        ;
; state.S2 ; 0        ; 0        ; 0        ; 1        ; 0        ; 1        ;
; state.S3 ; 0        ; 0        ; 1        ; 0        ; 0        ; 1        ;
; state.S4 ; 0        ; 1        ; 0        ; 0        ; 0        ; 1        ;
; state.S5 ; 1        ; 0        ; 0        ; 0        ; 0        ; 1        ;
+----------+----------+----------+----------+----------+----------+----------+


+--------------------------------------------------------------------------------------+
; Registers Removed During Synthesis                                                   ;
+----------------------------------------+---------------------------------------------+
; Register name                          ; Reason for Removal                          ;
+----------------------------------------+---------------------------------------------+
; black:b|RNG:genplcd2|num[0]            ; Merged with black:b|RNG:gendlcd1|num[0]     ;
; black:b|RNG:genplcd1|counter[3]        ; Merged with black:b|RNG:gendlcd1|counter[3] ;
; black:b|RNG:genplcd2|counter[3]        ; Merged with black:b|RNG:gendlcd1|counter[3] ;
; black:b|RNG:genplcd1|counter[2]        ; Merged with black:b|RNG:gendlcd1|counter[2] ;
; black:b|RNG:genplcd2|counter[2]        ; Merged with black:b|RNG:gendlcd1|counter[2] ;
; black:b|RNG:genplcd1|counter[1]        ; Merged with black:b|RNG:gendlcd1|counter[1] ;
; black:b|RNG:genplcd2|counter[1]        ; Merged with black:b|RNG:gendlcd1|counter[1] ;
; black:b|RNG:genplcd1|counter[0]        ; Merged with black:b|RNG:gendlcd1|counter[0] ;
; black:b|RNG:genplcd2|counter[0]        ; Merged with black:b|RNG:gendlcd1|counter[0] ;
; black:b|enable3                        ; Merged with black:b|enable2                 ;
; black:b|nextstate~6                    ; Lost fanout                                 ;
; black:b|nextstate~7                    ; Lost fanout                                 ;
; black:b|nextstate~8                    ; Lost fanout                                 ;
; black:b|nextstate~9                    ; Lost fanout                                 ;
; black:b|nextstate~10                   ; Lost fanout                                 ;
; black:b|nextstate~11                   ; Lost fanout                                 ;
; black:b|state~4                        ; Lost fanout                                 ;
; black:b|state~5                        ; Lost fanout                                 ;
; black:b|state~6                        ; Lost fanout                                 ;
; black:b|state~7                        ; Lost fanout                                 ;
; black:b|state~8                        ; Lost fanout                                 ;
; black:b|state~9                        ; Lost fanout                                 ;
; black:b|nextstate.S4                   ; Stuck at GND due to stuck port data_in      ;
; black:b|state.S4                       ; Stuck at GND due to stuck port data_in      ;
; Total Number of Removed Registers = 24 ;                                             ;
+----------------------------------------+---------------------------------------------+


+-------------------------------------------------------------------------------------------+
; Removed Registers Triggering Further Register Optimizations                               ;
+----------------------+---------------------------+----------------------------------------+
; Register name        ; Reason for Removal        ; Registers Removed due to This Register ;
+----------------------+---------------------------+----------------------------------------+
; black:b|nextstate.S4 ; Stuck at GND              ; black:b|state.S4                       ;
;                      ; due to stuck port data_in ;                                        ;
+----------------------+---------------------------+----------------------------------------+


+------------------------------------------------------+
; General Register Statistics                          ;
+----------------------------------------------+-------+
; Statistic                                    ; Value ;
+----------------------------------------------+-------+
; Total registers                              ; 18    ;
; Number of registers using Synchronous Clear  ; 0     ;
; Number of registers using Synchronous Load   ; 0     ;
; Number of registers using Asynchronous Clear ; 5     ;
; Number of registers using Asynchronous Load  ; 0     ;
; Number of registers using Clock Enable       ; 2     ;
; Number of registers using Preset             ; 0     ;
+----------------------------------------------+-------+


+--------------------------------------------------------------------------------------------------------------------------------------------------------------+
; Multiplexer Restructuring Statistics (Restructuring Performed)                                                                                               ;
+--------------------+-----------+---------------+----------------------+------------------------+------------+------------------------------------------------+
; Multiplexer Inputs ; Bus Width ; Baseline Area ; Area if Restructured ; Saving if Restructured ; Registered ; Example Multiplexer Output                     ;
+--------------------+-----------+---------------+----------------------+------------------------+------------+------------------------------------------------+
; 3:1                ; 3 bits    ; 6 LEs         ; 3 LEs                ; 3 LEs                  ; Yes        ; |black_wrapper|black:b|RNG:gendlcd1|counter[3] ;
; 6:1                ; 2 bits    ; 8 LEs         ; 4 LEs                ; 4 LEs                  ; No         ; |black_wrapper|black:b|Selector11              ;
+--------------------+-----------+---------------+----------------------+------------------------+------------+------------------------------------------------+


+------------------------------------------------------------------------------------------------------------------------------------------------------------------------+
; Port Connectivity Checks: "black:b|sevenseg:displaybt"                                                                                                                 ;
+------+-------+----------+----------------------------------------------------------------------------------------------------------------------------------------------+
; Port ; Type  ; Severity ; Details                                                                                                                                      ;
+------+-------+----------+----------------------------------------------------------------------------------------------------------------------------------------------+
; data ; Input ; Warning  ; Input port expression (1 bits) is smaller than the input port (4 bits) it drives.  Extra input bit(s) "data[3..1]" will be connected to GND. ;
+------+-------+----------+----------------------------------------------------------------------------------------------------------------------------------------------+


+------------------------------------------------------------------------------------------------------------------------------------------------------------------------------+
; Port Connectivity Checks: "black:b"                                                                                                                                          ;
+----------+--------+----------+-----------------------------------------------------------------------------------------------------------------------------------------------+
; Port     ; Type   ; Severity ; Details                                                                                                                                       ;
+----------+--------+----------+-----------------------------------------------------------------------------------------------------------------------------------------------+
; seed1    ; Input  ; Warning  ; Input port expression (1 bits) is smaller than the input port (4 bits) it drives.  Extra input bit(s) "seed1[3..1]" will be connected to GND. ;
; seed2    ; Input  ; Warning  ; Input port expression (1 bits) is smaller than the input port (4 bits) it drives.  Extra input bit(s) "seed2[3..1]" will be connected to GND. ;
; seed3    ; Input  ; Warning  ; Input port expression (1 bits) is smaller than the input port (4 bits) it drives.  Extra input bit(s) "seed3[3..1]" will be connected to GND. ;
; seed4    ; Input  ; Warning  ; Input port expression (1 bits) is smaller than the input port (4 bits) it drives.  Extra input bit(s) "seed4[3..1]" will be connected to GND. ;
; num1     ; Output ; Warning  ; Output or bidir port (4 bits) is wider than the port expression (1 bits) it drives; bit(s) "num1[3..1]" have no fanouts                       ;
; num2     ; Output ; Warning  ; Output or bidir port (4 bits) is wider than the port expression (1 bits) it drives; bit(s) "num2[3..1]" have no fanouts                       ;
; num3     ; Output ; Warning  ; Output or bidir port (4 bits) is wider than the port expression (1 bits) it drives; bit(s) "num3[3..1]" have no fanouts                       ;
; num4     ; Output ; Warning  ; Declared by entity but not connected by instance. Logic that only feeds a dangling port will be removed.                                      ;
; handpl   ; Output ; Warning  ; Declared by entity but not connected by instance. Logic that only feeds a dangling port will be removed.                                      ;
; handdl   ; Output ; Warning  ; Declared by entity but not connected by instance. Logic that only feeds a dangling port will be removed.                                      ;
; winnerpl ; Output ; Warning  ; Declared by entity but not connected by instance. Logic that only feeds a dangling port will be removed.                                      ;
; loserpl  ; Output ; Warning  ; Declared by entity but not connected by instance. Logic that only feeds a dangling port will be removed.                                      ;
; winnerdl ; Output ; Warning  ; Declared by entity but not connected by instance. Logic that only feeds a dangling port will be removed.                                      ;
; loserdl  ; Output ; Warning  ; Declared by entity but not connected by instance. Logic that only feeds a dangling port will be removed.                                      ;
; seg2pl   ; Output ; Warning  ; Declared by entity but not connected by instance. Logic that only feeds a dangling port will be removed.                                      ;
; seg2dl   ; Output ; Warning  ; Declared by entity but not connected by instance. Logic that only feeds a dangling port will be removed.                                      ;
; seg2bt   ; Output ; Warning  ; Declared by entity but not connected by instance. Logic that only feeds a dangling port will be removed.                                      ;
; seg1pl   ; Output ; Warning  ; Declared by entity but not connected by instance. Logic that only feeds a dangling port will be removed.                                      ;
; seg1dl   ; Output ; Warning  ; Declared by entity but not connected by instance. Logic that only feeds a dangling port will be removed.                                      ;
; seg1bt   ; Output ; Warning  ; Declared by entity but not connected by instance. Logic that only feeds a dangling port will be removed.                                      ;
; segpl    ; Output ; Warning  ; Declared by entity but not connected by instance. Logic that only feeds a dangling port will be removed.                                      ;
; segdl    ; Output ; Warning  ; Declared by entity but not connected by instance. Logic that only feeds a dangling port will be removed.                                      ;
; segbt    ; Output ; Warning  ; Declared by entity but not connected by instance. Logic that only feeds a dangling port will be removed.                                      ;
+----------+--------+----------+-----------------------------------------------------------------------------------------------------------------------------------------------+


+-----------------------------------------------------+
; Post-Synthesis Netlist Statistics for Top Partition ;
+-----------------------+-----------------------------+
; Type                  ; Count                       ;
+-----------------------+-----------------------------+
; boundary_port         ; 12                          ;
; cycloneiii_ff         ; 18                          ;
;     CLR               ; 5                           ;
;     ENA               ; 2                           ;
;     plain             ; 11                          ;
; cycloneiii_lcell_comb ; 25                          ;
;     normal            ; 25                          ;
;         0 data inputs ; 1                           ;
;         2 data inputs ; 3                           ;
;         3 data inputs ; 9                           ;
;         4 data inputs ; 12                          ;
;                       ;                             ;
; Max LUT depth         ; 3.00                        ;
; Average LUT depth     ; 1.81                        ;
+-----------------------+-----------------------------+


+-------------------------------+
; Elapsed Time Per Partition    ;
+----------------+--------------+
; Partition Name ; Elapsed Time ;
+----------------+--------------+
; Top            ; 00:00:00     ;
+----------------+--------------+


+-------------------------------+
; Analysis & Synthesis Messages ;
+-------------------------------+
Info: *******************************************************************
Info: Running Quartus II 64-Bit Analysis & Synthesis
    Info: Version 14.1.0 Build 186 12/03/2014 SJ Web Edition
    Info: Processing started: Thu Aug 12 21:20:05 2021
Info: Command: quartus_map --read_settings_files=on --write_settings_files=off black_wrapper -c black_wrapper
Info (11104): Parallel Compilation has detected 8 hyper-threaded processors. However, the extra hyper-threaded processors will not be used by default. Parallel Compilation will use 4 of the 4 physical processors detected instead.
Info (12021): Found 1 design units, including 1 entities, in source file black_wrapper.sv
    Info (12023): Found entity 1: black_wrapper
Info (12021): Found 4 design units, including 4 entities, in source file black.sv
    Info (12023): Found entity 1: black
    Info (12023): Found entity 2: RNG
    Info (12023): Found entity 3: check_winner
    Info (12023): Found entity 4: sevenseg
Warning (10236): Verilog HDL Implicit Net warning at black.sv(38): created implicit net for "databt"
Info (12127): Elaborating entity "black_wrapper" for the top level hierarchy
Info (12128): Elaborating entity "black" for hierarchy "black:b"
Warning (10230): Verilog HDL assignment warning at black.sv(93): truncated value with size 8 to match size of target (4)
Warning (10230): Verilog HDL assignment warning at black.sv(94): truncated value with size 8 to match size of target (4)
Warning (10230): Verilog HDL assignment warning at black.sv(95): truncated value with size 32 to match size of target (1)
Warning (10230): Verilog HDL assignment warning at black.sv(105): truncated value with size 8 to match size of target (4)
Warning (10230): Verilog HDL assignment warning at black.sv(120): truncated value with size 8 to match size of target (4)
Warning (10230): Verilog HDL assignment warning at black.sv(128): truncated value with size 32 to match size of target (1)
Warning (10230): Verilog HDL assignment warning at black.sv(132): truncated value with size 32 to match size of target (1)
Info (12128): Elaborating entity "RNG" for hierarchy "black:b|RNG:genplcd1"
Warning (10230): Verilog HDL assignment warning at black.sv(160): truncated value with size 32 to match size of target (4)
Info (12128): Elaborating entity "sevenseg" for hierarchy "black:b|sevenseg:displaypl"
Warning (10230): Verilog HDL assignment warning at black.sv(198): truncated value with size 7 to match size of target (4)
Warning (10230): Verilog HDL assignment warning at black.sv(214): truncated value with size 7 to match size of target (4)
Info (12128): Elaborating entity "check_winner" for hierarchy "black:b|check_winner:pl"
Warning (12241): 2 hierarchies have connectivity warnings - see the Connectivity Checks report folder
Warning (13024): Output pins are stuck at VCC or GND
    Warning (13410): Pin "HEX[0]" is stuck at GND
    Warning (13410): Pin "HEX[1]" is stuck at GND
    Warning (13410): Pin "HEX[2]" is stuck at GND
    Warning (13410): Pin "HEX[3]" is stuck at GND
    Warning (13410): Pin "HEX[4]" is stuck at GND
Info (286030): Timing-Driven Synthesis is running
Info (17049): 12 registers lost all their fanouts during netlist optimizations.
Info (16010): Generating hard_block partition "hard_block:auto_generated_inst"
    Info (16011): Adding 0 node(s), including 0 DDIO, 0 PLL, 0 transceiver and 0 LCELL
Info (21057): Implemented 41 device resources after synthesis - the final resource count might be different
    Info (21058): Implemented 4 input pins
    Info (21059): Implemented 8 output pins
    Info (21061): Implemented 29 logic cells
Info: Quartus II 64-Bit Analysis & Synthesis was successful. 0 errors, 18 warnings
    Info: Peak virtual memory: 4788 megabytes
    Info: Processing ended: Thu Aug 12 21:20:20 2021
    Info: Elapsed time: 00:00:15
    Info: Total CPU time (on all processors): 00:00:34


